// Jest Snapshot v1, https://goo.gl/fbAQLP

exports[`Main.vue should match snapshot 1`] = `<!---->`;
